// Jest Snapshot v1, https://goo.gl/fbAQLP

exports[`List component renders the UI as expected 1`] = `
<div>
  <section
    className="List"
  >
    <header
      className="List-header"
    >
      <h2>
        Test Header
      </h2>
    </header>
    <div
      className="List-cards"
    >
      <div
        className="Card"
      >
        <h3 />
        <p />
        <button>
          Delete
        </button>
      </div>
    </div>
  </section>
</div>
`;
